e:\studyproj\2311proj\stereo_rectify\stereo_rectify\stereo_rectify\x64\release\stereo_rectify.obj
e:\studyproj\2311proj\stereo_rectify\stereo_rectify\stereo_rectify\x64\release\main.obj
e:\studyproj\2311proj\stereo_rectify\stereo_rectify\stereo_rectify\x64\release\moc_worker.obj
e:\studyproj\2311proj\stereo_rectify\stereo_rectify\stereo_rectify\x64\release\moc_stereo_rectify.obj
e:\studyproj\2311proj\stereo_rectify\stereo_rectify\stereo_rectify\x64\release\qrc_stereo_rectify.obj
e:\studyproj\2311proj\stereo_rectify\stereo_rectify\stereo_rectify\x64\release\moc\moc_stereo_rectify.cpp
e:\studyproj\2311proj\stereo_rectify\stereo_rectify\stereo_rectify\x64\release\moc\moc_worker.cpp
e:\studyproj\2311proj\stereo_rectify\stereo_rectify\stereo_rectify\x64\release\stereo_rectify.res
e:\studyproj\2311proj\stereo_rectify\stereo_rectify\stereo_rectify\x64\release\rcc\qrc_stereo_rectify.cpp
e:\studyproj\2311proj\stereo_rectify\stereo_rectify\stereo_rectify\x64\release\uic\ui_stereo_rectify.h
e:\studyproj\2311proj\stereo_rectify\stereo_rectify\stereo_rectify\x64\release\stereo_rectify.tlog\cl.20716.write.1.tlog
e:\studyproj\2311proj\stereo_rectify\stereo_rectify\stereo_rectify\x64\release\stereo_rectify.tlog\cl.command.1.tlog
e:\studyproj\2311proj\stereo_rectify\stereo_rectify\stereo_rectify\x64\release\stereo_rectify.tlog\cl.read.1.tlog
e:\studyproj\2311proj\stereo_rectify\stereo_rectify\stereo_rectify\x64\release\stereo_rectify.tlog\link-cvtres.read.1.tlog
e:\studyproj\2311proj\stereo_rectify\stereo_rectify\stereo_rectify\x64\release\stereo_rectify.tlog\link-cvtres.write.1.tlog
e:\studyproj\2311proj\stereo_rectify\stereo_rectify\stereo_rectify\x64\release\stereo_rectify.tlog\link-rc.read.1.tlog
e:\studyproj\2311proj\stereo_rectify\stereo_rectify\stereo_rectify\x64\release\stereo_rectify.tlog\link-rc.write.1.tlog
e:\studyproj\2311proj\stereo_rectify\stereo_rectify\stereo_rectify\x64\release\stereo_rectify.tlog\link.command.1.tlog
e:\studyproj\2311proj\stereo_rectify\stereo_rectify\stereo_rectify\x64\release\stereo_rectify.tlog\link.read.1.tlog
e:\studyproj\2311proj\stereo_rectify\stereo_rectify\stereo_rectify\x64\release\stereo_rectify.tlog\link.write.1.tlog
e:\studyproj\2311proj\stereo_rectify\stereo_rectify\stereo_rectify\x64\release\stereo_rectify.tlog\moc.read.1u.tlog
e:\studyproj\2311proj\stereo_rectify\stereo_rectify\stereo_rectify\x64\release\stereo_rectify.tlog\moc.write.1u.tlog
e:\studyproj\2311proj\stereo_rectify\stereo_rectify\stereo_rectify\x64\release\stereo_rectify.tlog\rc.command.1.tlog
e:\studyproj\2311proj\stereo_rectify\stereo_rectify\stereo_rectify\x64\release\stereo_rectify.tlog\rc.read.1.tlog
e:\studyproj\2311proj\stereo_rectify\stereo_rectify\stereo_rectify\x64\release\stereo_rectify.tlog\rc.write.1.tlog
e:\studyproj\2311proj\stereo_rectify\stereo_rectify\stereo_rectify\x64\release\stereo_rectify.tlog\rcc.read.1u.tlog
e:\studyproj\2311proj\stereo_rectify\stereo_rectify\stereo_rectify\x64\release\stereo_rectify.tlog\rcc.write.1u.tlog
e:\studyproj\2311proj\stereo_rectify\stereo_rectify\stereo_rectify\x64\release\stereo_rectify.tlog\stereo_rectify.write.1u.tlog
e:\studyproj\2311proj\stereo_rectify\stereo_rectify\stereo_rectify\x64\release\stereo_rectify.tlog\uic.read.1u.tlog
e:\studyproj\2311proj\stereo_rectify\stereo_rectify\stereo_rectify\x64\release\stereo_rectify.tlog\uic.write.1u.tlog
